Jul 11 17:58:52 Guillermos-MacBook-Air com.apple.dt.xcodebuild[23415] <Error>: Unable to deliver request ({
	    "developer_dir" = "/Applications/Xcode.app/Contents/Developer";
	    request = "set_developer_dir";
	}) because we are not connected to CoreSimulatorService.
Jul 11 17:58:53 Guillermos-MacBook-Air com.apple.dt.xcodebuild[23415] <Error>: Could not kickstart simdiskimaged; SimDiskImageManager services will not be available: Error Domain=NSPOSIXErrorDomain Code=53 "Software caused connection abort" UserInfo={NSLocalizedDescription=Error returned in reply from CoreSimulatorService: Connection invalid}
Jul 11 17:58:53 Guillermos-MacBook-Air com.apple.dt.xcodebuild[23415] <Error>: Unable to deliver request ({
	    request = "notification_subscription";
	    "set_path" = "/Users/gmoran/Library/Developer/CoreSimulator/Devices";
	}) because we are not connected to CoreSimulatorService.
Jul 11 17:58:53 Guillermos-MacBook-Air com.apple.dt.xcodebuild[23415] <Error>: simdiskimaged returned error (invalid), marking disconnected.
Jul 11 17:58:53 Guillermos-MacBook-Air com.apple.dt.xcodebuild[23415] <Error>: Could not get list of trusted mount directories: Error Domain=com.apple.CoreSimulator.SimError Code=410 "The service used to manage runtime disk images (simdiskimaged) crashed or is not responding" UserInfo={NSLocalizedDescription=The service used to manage runtime disk images (simdiskimaged) crashed or is not responding}
Jul 11 17:58:53 Guillermos-MacBook-Air com.apple.dt.xcodebuild[23415] <Error>: simdiskimaged returned error (invalid), marking disconnected.
Jul 11 17:58:53 Guillermos-MacBook-Air com.apple.dt.xcodebuild[23415] <Warning>: Unable to discover any Simulator runtimes. Developer Directory is /Applications/Xcode.app/Contents/Developer.
Jul 11 17:58:53 Guillermos-MacBook-Air com.apple.dt.xcodebuild[23415] <Error>: Unable to deliver request ({
	    request = "notification_subscription";
	    "set_path" = "/Users/gmoran/Library/Developer/CoreSimulator/Devices";
	}) because we are not connected to CoreSimulatorService.
Jul 11 17:59:14 Guillermos-MacBook-Air com.apple.dt.xcodebuild[23595] <Error>: Unable to deliver request ({
	    "developer_dir" = "/Applications/Xcode.app/Contents/Developer";
	    request = "set_developer_dir";
	}) because we are not connected to CoreSimulatorService.
Jul 11 17:59:14 Guillermos-MacBook-Air com.apple.dt.xcodebuild[23595] <Warning>: Unable to discover any Simulator runtimes. Developer Directory is /Applications/Xcode.app/Contents/Developer.
Jul 11 17:59:14 Guillermos-MacBook-Air com.apple.dt.xcodebuild[23595] <Error>: Unable to deliver request ({
	    request = "notification_subscription";
	    "set_path" = "/Users/gmoran/Library/Developer/CoreSimulator/Devices";
	}) because we are not connected to CoreSimulatorService.
Jul 11 17:59:14 Guillermos-MacBook-Air com.apple.dt.xcodebuild[23595] <Error>: Could not kickstart simdiskimaged; SimDiskImageManager services will not be available: Error Domain=NSPOSIXErrorDomain Code=53 "Software caused connection abort" UserInfo={NSLocalizedDescription=Error returned in reply from CoreSimulatorService: Connection invalid}
Jul 11 17:59:14 Guillermos-MacBook-Air com.apple.dt.xcodebuild[23595] <Error>: simdiskimaged returned error (invalid), marking disconnected.
Jul 11 17:59:14 Guillermos-MacBook-Air com.apple.dt.xcodebuild[23595] <Error>: Could not get list of trusted mount directories: Error Domain=com.apple.CoreSimulator.SimError Code=410 "The service used to manage runtime disk images (simdiskimaged) crashed or is not responding" UserInfo={NSLocalizedDescription=The service used to manage runtime disk images (simdiskimaged) crashed or is not responding}
Jul 11 17:59:14 Guillermos-MacBook-Air com.apple.dt.xcodebuild[23595] <Error>: simdiskimaged returned error (invalid), marking disconnected.
Jul 11 17:59:14 Guillermos-MacBook-Air com.apple.dt.xcodebuild[23595] <Error>: Unable to deliver request ({
	    request = "notification_subscription";
	    "set_path" = "/Users/gmoran/Library/Developer/CoreSimulator/Devices";
	}) because we are not connected to CoreSimulatorService.
